// Jest Snapshot v1, https://goo.gl/fbAQLP

exports[`ErrorLog component Render the component 1`] = `
<Modal
  isOpen={false}
  onClose={[Function]}
  variant="global"
>
  <section
    className="about"
  >
    <h5>
      notificationLog:errorLog
    </h5>
    <article>
      <Scrollbar>
        <ul
          className="log"
        >
          <li
            key="log-0"
          >
            <strong>
              01/19/1970 1:14 AM
            </strong>
             
            Foo
          </li>
          <li
            key="log-1"
          >
            <strong>
              01/19/1970 1:14 AM
            </strong>
             
            Foo
          </li>
          <li
            key="log-2"
          >
            <strong>
              01/19/1970 1:14 AM
            </strong>
             
            Foo
          </li>
          <li
            key="log-3"
          >
            <strong>
              01/19/1970 1:14 AM
            </strong>
             
            Foo
          </li>
          <li
            key="log-4"
          >
            <strong>
              01/19/1970 1:14 AM
            </strong>
             
            Foo
          </li>
          <li
            key="log-5"
          >
            <strong>
              01/19/1970 1:14 AM
            </strong>
             
            Foo
          </li>
          <li
            key="log-6"
          >
            <strong>
              01/19/1970 1:14 AM
            </strong>
             
            Foo
          </li>
          <li
            key="log-7"
          >
            <strong>
              01/19/1970 1:14 AM
            </strong>
             
            Foo
          </li>
          <li
            key="log-8"
          >
            <strong>
              01/19/1970 1:14 AM
            </strong>
             
            Foo
          </li>
          <li
            key="log-9"
          >
            <strong>
              01/19/1970 1:14 AM
            </strong>
             
            Foo
          </li>
        </ul>
      </Scrollbar>
    </article>
    <footer>
      <Button
        onClick={[Function]}
        variant="dark"
      >
        clear
      </Button>
      <Button
        onClick={[Function]}
        variant="dark"
      >
        close
      </Button>
    </footer>
  </section>
</Modal>
`;
